{"message":"[{\"id\":3,\"address\":\"4763 UTSA\",\"city\":\"San Antonio\",\"state\":\"Tx\",\"zip\":\"78228\"},{\"id\":7,\"address\":\"1022 Hudson Rd\",\"city\":\"San Antonio\",\"state\":\"Tx\",\"zip\":\"78248\"},{\"id\":8,\"address\":\"4089 Bluff Dr\",\"city\":\"San Antonio\",\"state\":\"Tx\",\"zip\":\"78228\"},{\"id\":11,\"address\":\"1234 Parkway\",\"city\":\"Austin\",\"state\":\"tx\",\"zip\":\"78654\"},{\"id\":12,\"address\":\"1234 Parkway\",\"city\":\"Vegas\",\"state\":\"tx\",\"zip\":\"78654\"},{\"id\":22,\"address\":\"5555 Parkway\",\"city\":\"Ozarka\",\"state\":\"tx\",\"zip\":\"78555\"},{\"id\":69,\"address\":\"4763 UTSA\",\"city\":\"San Antonio\",\"state\":\"Tx\",\"zip\":\"78228\"},{\"id\":70,\"address\":\"1234 Hunt Ln.\",\"city\":\"San Antonio\",\"state\":\"TX\",\"zip\":\"78253\"},{\"id\":71,\"address\":\"1234 Hunt Ln.\",\"city\":\"San Antonio\",\"state\":\"TX\",\"zip\":\"78253\"},{\"id\":72,\"address\":\"1234 Hunt Ln.\",\"city\":\"San Antonio\",\"state\":\"TX\",\"zip\":\"78253\"},{\"id\":75,\"address\":\"1234 Hunt Ln.\",\"city\":\"San Antonio\",\"state\":\"TX\",\"zip\":\"78253\"},{\"id\":76,\"address\":\"1234 Hunt Ln.\",\"city\":\"San Antonio\",\"state\":\"TX\",\"zip\":\"78253\"},{\"id\":77,\"address\":\"1234 Hunt Ln.\",\"city\":\"San Antonio\",\"state\":\"TX\",\"zip\":\"78253\"}]"}